// Jest Snapshot v1, https://goo.gl/fbAQLP

exports[`Header should render Header with Timer and CellsCounter 1`] = `
<div>
  <div
    class="flex text-gray-300/80 uppercase text-shadow border-b-2 border-gray-400/50 pb-4"
  >
    <div
      class="flex-2 hidden xxs:flex xs:text-3xl text-xl order-2 text-center"
    >
      find black holes
    </div>
    <div
      class="flex justify-start flex-1 order-1 py-21 text-lg items-center"
    >
      <div>
        CellsCounter
      </div>
    </div>
    <div
      class="flex justify-end flex-1 order-3 text-lg items-center"
    >
      <div>
        Timer
      </div>
    </div>
  </div>
</div>
`;
