// Jest Snapshot v1, https://goo.gl/fbAQLP

exports[`SettingsDialog should render 1`] = `
<div>
  <div
    class="flex flex-col p-4 w-full max-w-[400px]"
  >
    <div
      class="flex flex-col justify-center items-center"
    >
      <div
        class="flex flex-row mt-4 gap-x-6 w-full"
      >
        <label
          class="flex text-gray-300 uppercase relative w-full"
        >
          <svg
            class="absolute translate-y-1/2 right-0 cursor-pointer text-3xl pointer-events-none"
            fill="currentColor"
            height="1em"
            stroke="currentColor"
            stroke-width="0"
            viewBox="0 0 24 24"
            width="1em"
            xmlns="http://www.w3.org/2000/svg"
          >
            <path
              d="M0 0h24v24H0V0z"
              fill="none"
            />
            <path
              d="M7.41 8.59L12 13.17l4.59-4.58L18 10l-6 6-6-6 1.41-1.41z"
            />
          </svg>
          <div
            class="text-sm absolute top-1 left-2 text-gray-400"
          >
            difficulty
          </div>
          <select
            class="appearance-none outline outline-1 hover:outline-2 outline-slate-700 focus:outline-gray-400 outline-offset-2 w-full text-xl font-normal bg-slate-900 px-2 pt-6 pb-1 rounded transition-all duration-150 hover:cursor-pointer"
            data-testid="presets-dropdown"
            name="presets-dropdown"
          >
            <option
              value="0"
            >
              Easy
            </option>
            <option
              value="1"
            >
              Medium
            </option>
            <option
              value="2"
            >
              Hard
            </option>
            <option
              value="3"
            >
              Custom
            </option>
          </select>
        </label>
      </div>
      <div
        class="flex flex-row mt-4 gap-x-6 w-full"
      >
        <label
          class="flex text-gray-300 uppercase relative w-full"
        >
          <svg
            class="absolute top-0 right-0 cursor-pointer text-3xl hover:scale-110 transition-all duration-150"
            data-testid="increment"
            fill="currentColor"
            height="1em"
            stroke="currentColor"
            stroke-width="0"
            viewBox="0 0 24 24"
            width="1em"
            xmlns="http://www.w3.org/2000/svg"
          >
            <path
              d="M0 0h24v24H0z"
              fill="none"
            />
            <path
              d="M7.41 15.41L12 10.83l4.59 4.58L18 14l-6-6-6 6z"
            />
          </svg>
          <svg
            class="absolute bottom-0 right-0 cursor-pointer text-3xl hover:scale-110 transition-all duration-150"
            data-testid="decrement"
            fill="currentColor"
            height="1em"
            stroke="currentColor"
            stroke-width="0"
            viewBox="0 0 24 24"
            width="1em"
            xmlns="http://www.w3.org/2000/svg"
          >
            <path
              d="M0 0h24v24H0V0z"
              fill="none"
            />
            <path
              d="M7.41 8.59L12 13.17l4.59-4.58L18 10l-6 6-6-6 1.41-1.41z"
            />
          </svg>
          <div
            class="text-sm absolute top-1 left-2 text-gray-400 select-none"
          >
            Width:
          </div>
          <input
            class="appearance-none outline outline-1 hover:outline-2 outline-slate-700 focus:outline-gray-400 outline-offset-2 w-full text-xl font-semibold bg-slate-900 px-2 pt-6 pb-1 rounded transition-all duration-150"
            max="20"
            min="2"
            type="number"
            value="8"
          />
        </label>
        <label
          class="flex text-gray-300 uppercase relative w-full"
        >
          <svg
            class="absolute top-0 right-0 cursor-pointer text-3xl hover:scale-110 transition-all duration-150"
            data-testid="increment"
            fill="currentColor"
            height="1em"
            stroke="currentColor"
            stroke-width="0"
            viewBox="0 0 24 24"
            width="1em"
            xmlns="http://www.w3.org/2000/svg"
          >
            <path
              d="M0 0h24v24H0z"
              fill="none"
            />
            <path
              d="M7.41 15.41L12 10.83l4.59 4.58L18 14l-6-6-6 6z"
            />
          </svg>
          <svg
            class="absolute bottom-0 right-0 cursor-pointer text-3xl hover:scale-110 transition-all duration-150"
            data-testid="decrement"
            fill="currentColor"
            height="1em"
            stroke="currentColor"
            stroke-width="0"
            viewBox="0 0 24 24"
            width="1em"
            xmlns="http://www.w3.org/2000/svg"
          >
            <path
              d="M0 0h24v24H0V0z"
              fill="none"
            />
            <path
              d="M7.41 8.59L12 13.17l4.59-4.58L18 10l-6 6-6-6 1.41-1.41z"
            />
          </svg>
          <div
            class="text-sm absolute top-1 left-2 text-gray-400 select-none"
          >
            Height:
          </div>
          <input
            class="appearance-none outline outline-1 hover:outline-2 outline-slate-700 focus:outline-gray-400 outline-offset-2 w-full text-xl font-semibold bg-slate-900 px-2 pt-6 pb-1 rounded transition-all duration-150"
            max="20"
            min="2"
            type="number"
            value="8"
          />
        </label>
      </div>
      <div
        class="flex mt-4 w-full"
      >
        <label
          class="flex text-gray-300 uppercase relative w-full"
        >
          <svg
            class="absolute top-0 right-0 cursor-pointer text-3xl hover:scale-110 transition-all duration-150"
            data-testid="increment"
            fill="currentColor"
            height="1em"
            stroke="currentColor"
            stroke-width="0"
            viewBox="0 0 24 24"
            width="1em"
            xmlns="http://www.w3.org/2000/svg"
          >
            <path
              d="M0 0h24v24H0z"
              fill="none"
            />
            <path
              d="M7.41 15.41L12 10.83l4.59 4.58L18 14l-6-6-6 6z"
            />
          </svg>
          <svg
            class="absolute bottom-0 right-0 cursor-pointer text-3xl hover:scale-110 transition-all duration-150"
            data-testid="decrement"
            fill="currentColor"
            height="1em"
            stroke="currentColor"
            stroke-width="0"
            viewBox="0 0 24 24"
            width="1em"
            xmlns="http://www.w3.org/2000/svg"
          >
            <path
              d="M0 0h24v24H0V0z"
              fill="none"
            />
            <path
              d="M7.41 8.59L12 13.17l4.59-4.58L18 10l-6 6-6-6 1.41-1.41z"
            />
          </svg>
          <div
            class="text-sm absolute top-1 left-2 text-gray-400 select-none"
          >
            Holes count:
          </div>
          <input
            class="appearance-none outline outline-1 hover:outline-2 outline-slate-700 focus:outline-gray-400 outline-offset-2 w-full text-xl font-semibold bg-slate-900 px-2 pt-6 pb-1 rounded transition-all duration-150"
            max="62"
            min="1"
            type="number"
            value="10"
          />
        </label>
      </div>
    </div>
    <div
      class="flex justify-center mt-12"
    >
      <button
        class="pb-1 text-5xl text-gray-300/80 uppercase hover:text-shadow hover:text-gray-300 transition-all duration-150"
      >
        Start
      </button>
    </div>
  </div>
</div>
`;
