// Jest Snapshot v1, https://goo.gl/fbAQLP

exports[`GameField should render GameField 1`] = `
<div>
  <div
    class="flex flex-col"
  >
    <div
      class="flex flex-col"
    >
      <div
        class="grid gap-2 grid-cols-10 grid-rows-10 p-4"
      >
        <div>
          Cell
        </div>
        <div>
          Cell
        </div>
        <div>
          Cell
        </div>
        <div>
          Cell
        </div>
        <div>
          Cell
        </div>
        <div>
          Cell
        </div>
        <div>
          Cell
        </div>
        <div>
          Cell
        </div>
        <div>
          Cell
        </div>
        <div>
          Cell
        </div>
        <div>
          Cell
        </div>
        <div>
          Cell
        </div>
        <div>
          Cell
        </div>
        <div>
          Cell
        </div>
        <div>
          Cell
        </div>
        <div>
          Cell
        </div>
        <div>
          Cell
        </div>
        <div>
          Cell
        </div>
        <div>
          Cell
        </div>
        <div>
          Cell
        </div>
        <div>
          Cell
        </div>
        <div>
          Cell
        </div>
        <div>
          Cell
        </div>
        <div>
          Cell
        </div>
        <div>
          Cell
        </div>
        <div>
          Cell
        </div>
        <div>
          Cell
        </div>
        <div>
          Cell
        </div>
        <div>
          Cell
        </div>
        <div>
          Cell
        </div>
        <div>
          Cell
        </div>
        <div>
          Cell
        </div>
        <div>
          Cell
        </div>
        <div>
          Cell
        </div>
        <div>
          Cell
        </div>
        <div>
          Cell
        </div>
        <div>
          Cell
        </div>
        <div>
          Cell
        </div>
        <div>
          Cell
        </div>
        <div>
          Cell
        </div>
        <div>
          Cell
        </div>
        <div>
          Cell
        </div>
        <div>
          Cell
        </div>
        <div>
          Cell
        </div>
        <div>
          Cell
        </div>
        <div>
          Cell
        </div>
        <div>
          Cell
        </div>
        <div>
          Cell
        </div>
        <div>
          Cell
        </div>
        <div>
          Cell
        </div>
        <div>
          Cell
        </div>
        <div>
          Cell
        </div>
        <div>
          Cell
        </div>
        <div>
          Cell
        </div>
        <div>
          Cell
        </div>
        <div>
          Cell
        </div>
        <div>
          Cell
        </div>
        <div>
          Cell
        </div>
        <div>
          Cell
        </div>
        <div>
          Cell
        </div>
        <div>
          Cell
        </div>
        <div>
          Cell
        </div>
        <div>
          Cell
        </div>
        <div>
          Cell
        </div>
        <div>
          Cell
        </div>
        <div>
          Cell
        </div>
        <div>
          Cell
        </div>
        <div>
          Cell
        </div>
        <div>
          Cell
        </div>
        <div>
          Cell
        </div>
        <div>
          Cell
        </div>
        <div>
          Cell
        </div>
        <div>
          Cell
        </div>
        <div>
          Cell
        </div>
        <div>
          Cell
        </div>
        <div>
          Cell
        </div>
        <div>
          Cell
        </div>
        <div>
          Cell
        </div>
        <div>
          Cell
        </div>
        <div>
          Cell
        </div>
        <div>
          Cell
        </div>
        <div>
          Cell
        </div>
        <div>
          Cell
        </div>
        <div>
          Cell
        </div>
        <div>
          Cell
        </div>
        <div>
          Cell
        </div>
        <div>
          Cell
        </div>
        <div>
          Cell
        </div>
        <div>
          Cell
        </div>
        <div>
          Cell
        </div>
        <div>
          Cell
        </div>
        <div>
          Cell
        </div>
        <div>
          Cell
        </div>
        <div>
          Cell
        </div>
        <div>
          Cell
        </div>
        <div>
          Cell
        </div>
        <div>
          Cell
        </div>
        <div>
          Cell
        </div>
        <div>
          Cell
        </div>
        <div>
          Cell
        </div>
      </div>
    </div>
  </div>
</div>
`;

exports[`GameField should render GameField with predefined width and height 1`] = `
<div>
  <div
    class="flex flex-col"
  >
    <div
      class="flex flex-col"
    >
      <div
        class="grid gap-2 grid-cols-10 grid-rows-10 p-4"
      >
        <div>
          Cell
        </div>
        <div>
          Cell
        </div>
        <div>
          Cell
        </div>
        <div>
          Cell
        </div>
        <div>
          Cell
        </div>
        <div>
          Cell
        </div>
        <div>
          Cell
        </div>
        <div>
          Cell
        </div>
        <div>
          Cell
        </div>
        <div>
          Cell
        </div>
        <div>
          Cell
        </div>
        <div>
          Cell
        </div>
        <div>
          Cell
        </div>
        <div>
          Cell
        </div>
        <div>
          Cell
        </div>
        <div>
          Cell
        </div>
        <div>
          Cell
        </div>
        <div>
          Cell
        </div>
        <div>
          Cell
        </div>
        <div>
          Cell
        </div>
        <div>
          Cell
        </div>
        <div>
          Cell
        </div>
        <div>
          Cell
        </div>
        <div>
          Cell
        </div>
        <div>
          Cell
        </div>
        <div>
          Cell
        </div>
        <div>
          Cell
        </div>
        <div>
          Cell
        </div>
        <div>
          Cell
        </div>
        <div>
          Cell
        </div>
        <div>
          Cell
        </div>
        <div>
          Cell
        </div>
        <div>
          Cell
        </div>
        <div>
          Cell
        </div>
        <div>
          Cell
        </div>
        <div>
          Cell
        </div>
        <div>
          Cell
        </div>
        <div>
          Cell
        </div>
        <div>
          Cell
        </div>
        <div>
          Cell
        </div>
        <div>
          Cell
        </div>
        <div>
          Cell
        </div>
        <div>
          Cell
        </div>
        <div>
          Cell
        </div>
        <div>
          Cell
        </div>
        <div>
          Cell
        </div>
        <div>
          Cell
        </div>
        <div>
          Cell
        </div>
        <div>
          Cell
        </div>
        <div>
          Cell
        </div>
        <div>
          Cell
        </div>
        <div>
          Cell
        </div>
        <div>
          Cell
        </div>
        <div>
          Cell
        </div>
        <div>
          Cell
        </div>
        <div>
          Cell
        </div>
        <div>
          Cell
        </div>
        <div>
          Cell
        </div>
        <div>
          Cell
        </div>
        <div>
          Cell
        </div>
        <div>
          Cell
        </div>
        <div>
          Cell
        </div>
        <div>
          Cell
        </div>
        <div>
          Cell
        </div>
        <div>
          Cell
        </div>
        <div>
          Cell
        </div>
        <div>
          Cell
        </div>
        <div>
          Cell
        </div>
        <div>
          Cell
        </div>
        <div>
          Cell
        </div>
        <div>
          Cell
        </div>
        <div>
          Cell
        </div>
        <div>
          Cell
        </div>
        <div>
          Cell
        </div>
        <div>
          Cell
        </div>
        <div>
          Cell
        </div>
        <div>
          Cell
        </div>
        <div>
          Cell
        </div>
        <div>
          Cell
        </div>
        <div>
          Cell
        </div>
        <div>
          Cell
        </div>
        <div>
          Cell
        </div>
        <div>
          Cell
        </div>
        <div>
          Cell
        </div>
        <div>
          Cell
        </div>
        <div>
          Cell
        </div>
        <div>
          Cell
        </div>
        <div>
          Cell
        </div>
        <div>
          Cell
        </div>
        <div>
          Cell
        </div>
        <div>
          Cell
        </div>
        <div>
          Cell
        </div>
        <div>
          Cell
        </div>
        <div>
          Cell
        </div>
        <div>
          Cell
        </div>
        <div>
          Cell
        </div>
        <div>
          Cell
        </div>
        <div>
          Cell
        </div>
        <div>
          Cell
        </div>
        <div>
          Cell
        </div>
      </div>
    </div>
  </div>
</div>
`;
